Friday, November 07, 14:13:24, 2008

                    Sunplus u'nSP Linker version 1.14.3 (enc)
                    -------------------------------------------

Global Symbol Name                             Global Value     Global Filename
***********************************************************************************************************************************************************************************************************************************************************************************************************
_RESET                                             ----         "D:\Program Files\SunPlus\unSP IDE 2.0.0\startupD.obj"
__sn_loop                                          ----         "D:\Program Files\SunPlus\unSP IDE 2.0.0\startupD.obj"
__sn_loop2                                         ----         "D:\Program Files\SunPlus\unSP IDE 2.0.0\startupD.obj"
__sn_init_table                                    ----         "Linker internal symbol"
__sn_sp_val                                        ----         "Linker internal symbol"
_RES_Table                                         ----         "D:\个人工程文件夹\kkkProject\MyProject\SunPlusProgram\525\Debug\Resource.obj"
_send525                                           ----         "D:\个人工程文件夹\kkkProject\MyProject\SunPlusProgram\525\Debug\my525.obj"
_init525                                           ----         "D:\个人工程文件夹\kkkProject\MyProject\SunPlusProgram\525\Debug\my525.obj"
_delay                                             ----         "D:\个人工程文件夹\kkkProject\MyProject\SunPlusProgram\525\Debug\my525.obj"
_main                                              ----         "D:\个人工程文件夹\kkkProject\MyProject\SunPlusProgram\525\Debug\my525.obj"
***********************************************************************************************************************************************************************************************************************************************************************************************************

***********************************************************************************************************************************************************************************************************************************************************************************************************
*                             S E C T I O N     S U M M A R Y                                                                                                                                                                                                                                             *
***********************************************************************************************************************************************************************************************************************************************************************************************************
*     Section Name                             Startting Address   Ending Address    Size                                                                                                                                                                                                                 *
***********************************************************************************************************************************************************************************************************************************************************************************************************
* "D:\Program Files\SunPlus\unSP IDE 2.0.0\startupD.obj"                                                                                                                                                                                                                                                  *
*    DEBUG                                         ----                 ----         ----                                                                                                                                                                                                                 *
*    CODE                                          ----                 ----         ----                                                                                                                                                                                                                 *
*    DATA                                          ----                 ----         ----                                                                                                                                                                                                                 *
*    TEXT                                          ----                 ----         ----                                                                                                                                                                                                                 *
*    IRAM                                          ----                 ----         ----                                                                                                                                                                                                                 *
*    ISRAM                                         ----                 ----         ----                                                                                                                                                                                                                 *
*    RAM                                           ----                 ----         ----                                                                                                                                                                                                                 *
*    SRAM                                          ----                 ----         ----                                                                                                                                                                                                                 *
*    ORAM                                          ----                 ----         ----                                                                                                                                                                                                                 *
*    OSRAM                                         ----                 ----         ----                                                                                                                                                                                                                 *
*    NB_DATA                                       ----                 ----         ----                                                                                                                                                                                                                 *
*    CTOR                                          ----                 ----         ----                                                                                                                                                                                                                 *
*    DTOR                                          ----                 ----         ----                                                                                                                                                                                                                 *
*    IM                                            ----                 ----         ----                                                                                                                                                                                                                 *
*    LINKONCE                                      ----                 ----         ----                                                                                                                                                                                                                 *
*    VTBL                                          ----                 ----         ----                                                                                                                                                                                                                 *
*    NB_MERGE                                      ----                 ----         ----                                                                                                                                                                                                                 *
*    unSP_StartUp(TEXT)                            ----                 ----         1D                                                                                                                                                                                                                   *
* "D:\个人工程文件夹\kkkProject\MyProject\SunPlusProgram\525\Debug\Resource.obj"                                                                                                                                                                                                                          *
*    DEBUG                                         ----                 ----         ----                                                                                                                                                                                                                 *
*    CODE                                          ----                 ----         ----                                                                                                                                                                                                                 *
*    DATA                                          ----                 ----         ----                                                                                                                                                                                                                 *
*    TEXT                                          ----                 ----         ----                                                                                                                                                                                                                 *
*    IRAM                                          ----                 ----         ----                                                                                                                                                                                                                 *
*    ISRAM                                         ----                 ----         ----                                                                                                                                                                                                                 *
*    RAM                                           ----                 ----         ----                                                                                                                                                                                                                 *
*    SRAM                                          ----                 ----         ----                                                                                                                                                                                                                 *
*    ORAM                                          ----                 ----         ----                                                                                                                                                                                                                 *
*    OSRAM                                         ----                 ----         ----                                                                                                                                                                                                                 *
*    NB_DATA                                       ----                 ----         ----                                                                                                                                                                                                                 *
*    CTOR                                          ----                 ----         ----                                                                                                                                                                                                                 *
*    DTOR                                          ----                 ----         ----                                                                                                                                                                                                                 *
*    IM                                            ----                 ----         ----                                                                                                                                                                                                                 *
*    LINKONCE                                      ----                 ----         ----                                                                                                                                                                                                                 *
*    VTBL                                          ----                 ----         ----                                                                                                                                                                                                                 *
*    NB_MERGE                                      ----                 ----         ----                                                                                                                                                                                                                 *
* "D:\个人工程文件夹\kkkProject\MyProject\SunPlusProgram\525\Debug\my525.obj"                                                                                                                                                                                                                             *
*    DEBUG                                         ----                 ----         ----                                                                                                                                                                                                                 *
*    CODE                                          ----                 ----         12C                                                                                                                                                                                                                  *
*    DATA                                          ----                 ----         ----                                                                                                                                                                                                                 *
*    TEXT                                          ----                 ----         ----                                                                                                                                                                                                                 *
*    IRAM                                          ----                 ----         ----                                                                                                                                                                                                                 *
*    ISRAM                                         ----                 ----         ----                                                                                                                                                                                                                 *
*    RAM                                           ----                 ----         ----                                                                                                                                                                                                                 *
*    SRAM                                          ----                 ----         ----                                                                                                                                                                                                                 *
*    ORAM                                          ----                 ----         ----                                                                                                                                                                                                                 *
*    OSRAM                                         ----                 ----         ----                                                                                                                                                                                                                 *
*    NB_DATA                                       ----                 ----         ----                                                                                                                                                                                                                 *
*    CTOR                                          ----                 ----         ----                                                                                                                                                                                                                 *
*    DTOR                                          ----                 ----         ----                                                                                                                                                                                                                 *
*    IM                                            ----                 ----         ----                                                                                                                                                                                                                 *
*    LINKONCE                                      ----                 ----         ----                                                                                                                                                                                                                 *
*    VTBL                                          ----                 ----         ----                                                                                                                                                                                                                 *
*    NB_MERGE                                      ----                 ----         ----                                                                                                                                                                                                                 *
* "divf2"                                                                                                                                                                                                                                                                                                 *
*    DEBUG                                         ----                 ----         ----                                                                                                                                                                                                                 *
*    CODE                                          ----                 ----         C0                                                                                                                                                                                                                   *
*    DATA                                          ----                 ----         ----                                                                                                                                                                                                                 *
*    TEXT                                          ----                 ----         ----                                                                                                                                                                                                                 *
*    IRAM                                          ----                 ----         ----                                                                                                                                                                                                                 *
*    ISRAM                                         ----                 ----         ----                                                                                                                                                                                                                 *
*    RAM                                           ----                 ----         ----                                                                                                                                                                                                                 *
*    SRAM                                          ----                 ----         ----                                                                                                                                                                                                                 *
*    ORAM                                          ----                 ----         ----                                                                                                                                                                                                                 *
*    OSRAM                                         ----                 ----         ----                                                                                                                                                                                                                 *
*    NB_DATA                                       ----                 ----         ----                                                                                                                                                                                                                 *
*    CTOR                                          ----                 ----         ----                                                                                                                                                                                                                 *
*    DTOR                                          ----                 ----         ----                                                                                                                                                                                                                 *
*    IM                                            ----                 ----         ----                                                                                                                                                                                                                 *
*    LINKONCE                                      ----                 ----         ----                                                                                                                                                                                                                 *
*    VTBL                                          ----                 ----         ----                                                                                                                                                                                                                 *
* "cvi1f2"                                                                                                                                                                                                                                                                                                *
*    DEBUG                                         ----                 ----         ----                                                                                                                                                                                                                 *
*    CODE                                          ----                 ----         41                                                                                                                                                                                                                   *
*    DATA                                          ----                 ----         ----                                                                                                                                                                                                                 *
*    TEXT                                          ----                 ----         ----                                                                                                                                                                                                                 *
*    IRAM                                          ----                 ----         ----                                                                                                                                                                                                                 *
*    ISRAM                                         ----                 ----         ----                                                                                                                                                                                                                 *
*    RAM                                           ----                 ----         ----                                                                                                                                                                                                                 *
*    SRAM                                          ----                 ----         ----                                                                                                                                                                                                                 *
*    ORAM                                          ----                 ----         ----                                                                                                                                                                                                                 *
*    OSRAM                                         ----                 ----         ----                                                                                                                                                                                                                 *
*    NB_DATA                                       ----                 ----         ----                                                                                                                                                                                                                 *
*    CTOR                                          ----                 ----         ----                                                                                                                                                                                                                 *
*    DTOR                                          ----                 ----         ----                                                                                                                                                                                                                 *
*    IM                                            ----                 ----         ----                                                                                                                                                                                                                 *
*    LINKONCE                                      ----                 ----         ----                                                                                                                                                                                                                 *
*    VTBL                                          ----                 ----         ----                                                                                                                                                                                                                 *
* "lshiu2"                                                                                                                                                                                                                                                                                                *
*    DEBUG                                         ----                 ----         ----                                                                                                                                                                                                                 *
*    CODE                                          ----                 ----         1E                                                                                                                                                                                                                   *
*    DATA                                          ----                 ----         ----                                                                                                                                                                                                                 *
*    TEXT                                          ----                 ----         ----                                                                                                                                                                                                                 *
*    IRAM                                          ----                 ----         ----                                                                                                                                                                                                                 *
*    ISRAM                                         ----                 ----         ----                                                                                                                                                                                                                 *
*    RAM                                           ----                 ----         ----                                                                                                                                                                                                                 *
*    SRAM                                          ----                 ----         ----                                                                                                                                                                                                                 *
*    ORAM                                          ----                 ----         ----                                                                                                                                                                                                                 *
*    OSRAM                                         ----                 ----         ----                                                                                                                                                                                                                 *
*    NB_DATA                                       ----                 ----         ----                                                                                                                                                                                                                 *
*    CTOR                                          ----                 ----         ----                                                                                                                                                                                                                 *
*    DTOR                                          ----                 ----         ----                                                                                                                                                                                                                 *
*    IM                                            ----                 ----         ----                                                                                                                                                                                                                 *
*    LINKONCE                                      ----                 ----         ----                                                                                                                                                                                                                 *
*    VTBL                                          ----                 ----         ----                                                                                                                                                                                                                 *
* "Init Table"                                     0                    0            1                                                                                                                                                                                                                    *
***********************************************************************************************************************************************************************************************************************************************************************************************************

***********************************************************************************************************************************************************************************************************************************************************************************************************
*                             M E M O R Y     S U M M A R Y                                                                                                                                                                                                                                               *
***********************************************************************************************************************************************************************************************************************************************************************************************************
*     Type                          Total               Using        Remain                                                                                                                                                                                                                               *
***********************************************************************************************************************************************************************************************************************************************************************************************************
* "SRam/OSRam/ISRam"                40                   0            40                                                                                                                                                                                                                                  *
* "Ram"                             800                  0            800                                                                                                                                                                                                                                 *
* "First Bank Rom"                  7C00                 0            7C00                                                                                                                                                                                                                                *
* "Other Banks Rom"                 0                    0            0                                                                                                                                                                                                                                   *
***********************************************************************************************************************************************************************************************************************************************************************************************************

Linker Output Filename : D:\个人工程文件夹\kkkProject\MyProject\SunPlusProgram\525\Debug\525.S37
Disk  Mapping Filename : D:\个人工程文件夹\kkkProject\MyProject\SunPlusProgram\525\Debug\525.map
Symbol  Table FileName : D:\个人工程文件夹\kkkProject\MyProject\SunPlusProgram\525\Debug\525.sym
Format :                 Microtek

Linker Errors :          1
Output Format :          S37
