Thursday, October 01, 13:36:08, 2009

                    Sunplus u'nSP Linker version 1.14.3 (enc)
                    -------------------------------------------

Global Symbol Name                             Global Value     Global Filename
***********************************************************************************************************************************************************************************************************************************************************************************************************
_RESET                                             ----         "C:\PROGRA~1\Sunplus\UNSPID~1.0\startupD.obj"
__sn_loop                                          ----         "C:\PROGRA~1\Sunplus\UNSPID~1.0\startupD.obj"
__sn_loop2                                         ----         "C:\PROGRA~1\Sunplus\UNSPID~1.0\startupD.obj"
__sn_init_table                                    ----         "Linker internal symbol"
__sn_sp_val                                        ----         "Linker internal symbol"
_RES_Table                                         ----         "F:\myproject\lingyang\123\Debug\Resource.obj"
_RES_S1_24K_SA                                     ----         "F:\myproject\lingyang\123\Debug\Resource.obj"
_RES_S1_24K_EA                                     ----         "F:\myproject\lingyang\123\Debug\Resource.obj"
T_SACM_A2000_SpeechTable                           ----         "F:\myproject\lingyang\123\Debug\Resource.obj"
_playsound                                         ----         "F:\myproject\lingyang\123\Debug\123.obj"
_main                                              ----         "F:\myproject\lingyang\123\Debug\123.obj"
F_SP_RampUpDAC1                                    ----         "F:\myproject\lingyang\123\Debug\hardware.obj"
F_SP_RampDnDAC1                                    ----         "F:\myproject\lingyang\123\Debug\hardware.obj"
F_SP_RampUpDAC2                                    ----         "F:\myproject\lingyang\123\Debug\hardware.obj"
F_SP_RampDnDAC2                                    ----         "F:\myproject\lingyang\123\Debug\hardware.obj"
_SP_RampUpDAC1                                     ----         "F:\myproject\lingyang\123\Debug\hardware.obj"
_SP_RampDnDAC1                                     ----         "F:\myproject\lingyang\123\Debug\hardware.obj"
_SP_RampUpDAC2                                     ----         "F:\myproject\lingyang\123\Debug\hardware.obj"
_SP_RampDnDAC2                                     ----         "F:\myproject\lingyang\123\Debug\hardware.obj"
_SP_InitQueue                                      ----         "F:\myproject\lingyang\123\Debug\hardware.obj"
_SP_InitQueue_A2000                                ----         "F:\myproject\lingyang\123\Debug\hardware.obj"
_SP_InitQueue_S480                                 ----         "F:\myproject\lingyang\123\Debug\hardware.obj"
_SP_InitQueue_S240                                 ----         "F:\myproject\lingyang\123\Debug\hardware.obj"
_SP_InitQueue_MS01                                 ----         "F:\myproject\lingyang\123\Debug\hardware.obj"
_SP_InitQueue_DVR                                  ----         "F:\myproject\lingyang\123\Debug\hardware.obj"
F_SP_InitQueue                                     ----         "F:\myproject\lingyang\123\Debug\hardware.obj"
F_SP_InitQueue_A2000                               ----         "F:\myproject\lingyang\123\Debug\hardware.obj"
F_SP_InitQueue_S480                                ----         "F:\myproject\lingyang\123\Debug\hardware.obj"
F_SP_InitQueue_S240                                ----         "F:\myproject\lingyang\123\Debug\hardware.obj"
F_SP_InitQueue_MS01                                ----         "F:\myproject\lingyang\123\Debug\hardware.obj"
F_SP_InitQueue_DVR                                 ----         "F:\myproject\lingyang\123\Debug\hardware.obj"
F_SP_ReadQueue                                     ----         "F:\myproject\lingyang\123\Debug\hardware.obj"
F_SP_ReadQueue_A2000                               ----         "F:\myproject\lingyang\123\Debug\hardware.obj"
F_SP_ReadQueue_S480                                ----         "F:\myproject\lingyang\123\Debug\hardware.obj"
F_SP_ReadQueue_S240                                ----         "F:\myproject\lingyang\123\Debug\hardware.obj"
F_SP_ReadQueue_MS01                                ----         "F:\myproject\lingyang\123\Debug\hardware.obj"
F_SP_ReadQueue_DVR                                 ----         "F:\myproject\lingyang\123\Debug\hardware.obj"
F_SP_ReadQueue_NIC                                 ----         "F:\myproject\lingyang\123\Debug\hardware.obj"
F_SP_ReadQueue_NIC_A2000                           ----         "F:\myproject\lingyang\123\Debug\hardware.obj"
F_SP_ReadQueue_NIC_S480                            ----         "F:\myproject\lingyang\123\Debug\hardware.obj"
F_SP_ReadQueue_NIC_S240                            ----         "F:\myproject\lingyang\123\Debug\hardware.obj"
F_SP_ReadQueue_NIC_MS01                            ----         "F:\myproject\lingyang\123\Debug\hardware.obj"
F_SP_ReadQueue_NIC_DVR                             ----         "F:\myproject\lingyang\123\Debug\hardware.obj"
F_SP_WriteQueue                                    ----         "F:\myproject\lingyang\123\Debug\hardware.obj"
F_SP_WriteQueue_A2000                              ----         "F:\myproject\lingyang\123\Debug\hardware.obj"
F_SP_WriteQueue_S480                               ----         "F:\myproject\lingyang\123\Debug\hardware.obj"
F_SP_WriteQueue_S240                               ----         "F:\myproject\lingyang\123\Debug\hardware.obj"
F_SP_WriteQueue_MS01                               ----         "F:\myproject\lingyang\123\Debug\hardware.obj"
F_SP_WriteQueue_DVR                                ----         "F:\myproject\lingyang\123\Debug\hardware.obj"
F_SP_TestQueue                                     ----         "F:\myproject\lingyang\123\Debug\hardware.obj"
F_SP_TestQueue_A2000                               ----         "F:\myproject\lingyang\123\Debug\hardware.obj"
F_SP_TestQueue_S480                                ----         "F:\myproject\lingyang\123\Debug\hardware.obj"
F_SP_TestQueue_S240                                ----         "F:\myproject\lingyang\123\Debug\hardware.obj"
F_SP_TestQueue_MS01                                ----         "F:\myproject\lingyang\123\Debug\hardware.obj"
F_SP_TestQueue_DVR                                 ----         "F:\myproject\lingyang\123\Debug\hardware.obj"
_SP_Export                                         ----         "F:\myproject\lingyang\123\Debug\hardware.obj"
_SP_Import                                         ----         "F:\myproject\lingyang\123\Debug\hardware.obj"
_SP_Init_IOB                                       ----         "F:\myproject\lingyang\123\Debug\hardware.obj"
_SP_Init_IOA                                       ----         "F:\myproject\lingyang\123\Debug\hardware.obj"
_SP_GetResource                                    ----         "F:\myproject\lingyang\123\Debug\hardware.obj"
F_SP_GetResource                                   ----         "F:\myproject\lingyang\123\Debug\hardware.obj"
F_SP_SACM_A2000_Init_                              ----         "F:\myproject\lingyang\123\Debug\hardware.obj"
F_SP_SACM_S480_Init_                               ----         "F:\myproject\lingyang\123\Debug\hardware.obj"
F_SP_SACM_S240_Init_                               ----         "F:\myproject\lingyang\123\Debug\hardware.obj"
F_SP_SACM_MS01_Init_                               ----         "F:\myproject\lingyang\123\Debug\hardware.obj"
F_SP_PlayMode0_                                    ----         "F:\myproject\lingyang\123\Debug\hardware.obj"
F_SP_PlayMode1_                                    ----         "F:\myproject\lingyang\123\Debug\hardware.obj"
F_SP_PlayMode2_                                    ----         "F:\myproject\lingyang\123\Debug\hardware.obj"
F_SP_PlayMode3_                                    ----         "F:\myproject\lingyang\123\Debug\hardware.obj"
F_SP_SACM_DVR_Init_                                ----         "F:\myproject\lingyang\123\Debug\hardware.obj"
F_SP_SACM_DVR_Rec_Init_                            ----         "F:\myproject\lingyang\123\Debug\hardware.obj"
F_SP_SACM_DVR_Play_Init_                           ----         "F:\myproject\lingyang\123\Debug\hardware.obj"
R_InterruptStatus                                  ----         "F:\myproject\lingyang\123\Debug\hardware.obj"
F_RampUpDAC1                                       ----         "F:\myproject\lingyang\123\Debug\hardware.obj"
F_RampDnDAC1                                       ----         "F:\myproject\lingyang\123\Debug\hardware.obj"
F_RampUpDAC2                                       ----         "F:\myproject\lingyang\123\Debug\hardware.obj"
F_RampDnDAC2                                       ----         "F:\myproject\lingyang\123\Debug\hardware.obj"
_STD_RampUpDAC1                                    ----         "F:\myproject\lingyang\123\Debug\hardware.obj"
_STD_RampDnDAC1                                    ----         "F:\myproject\lingyang\123\Debug\hardware.obj"
_STD_RampUpDAC2                                    ----         "F:\myproject\lingyang\123\Debug\hardware.obj"
_STD_RampDnDAC2                                    ----         "F:\myproject\lingyang\123\Debug\hardware.obj"
_FIQ                                               ----         "F:\myproject\lingyang\123\Debug\isr.obj"
__RES_S1_24K_sa                                    ----         "F:\myproject\lingyang\123\Debug\s1_24k.res"
__RES_S1_24K_ea                                    ----         "F:\myproject\lingyang\123\Debug\s1_24k.res"
***********************************************************************************************************************************************************************************************************************************************************************************************************

***********************************************************************************************************************************************************************************************************************************************************************************************************
*                             S E C T I O N     S U M M A R Y                                                                                                                                                                                                                                             *
***********************************************************************************************************************************************************************************************************************************************************************************************************
*     Section Name                             Startting Address   Ending Address    Size                                                                                                                                                                                                                 *
***********************************************************************************************************************************************************************************************************************************************************************************************************
* "C:\PROGRA~1\Sunplus\UNSPID~1.0\startupD.obj"                                                                                                                                                                                                                                                           *
*    DEBUG                                         ----                 ----         ----                                                                                                                                                                                                                 *
*    CODE                                          ----                 ----         ----                                                                                                                                                                                                                 *
*    DATA                                          ----                 ----         ----                                                                                                                                                                                                                 *
*    TEXT                                          ----                 ----         ----                                                                                                                                                                                                                 *
*    IRAM                                          ----                 ----         ----                                                                                                                                                                                                                 *
*    ISRAM                                         ----                 ----         ----                                                                                                                                                                                                                 *
*    RAM                                           ----                 ----         ----                                                                                                                                                                                                                 *
*    SRAM                                          ----                 ----         ----                                                                                                                                                                                                                 *
*    ORAM                                          ----                 ----         ----                                                                                                                                                                                                                 *
*    OSRAM                                         ----                 ----         ----                                                                                                                                                                                                                 *
*    NB_DATA                                       ----                 ----         ----                                                                                                                                                                                                                 *
*    CTOR                                          ----                 ----         ----                                                                                                                                                                                                                 *
*    DTOR                                          ----                 ----         ----                                                                                                                                                                                                                 *
*    IM                                            ----                 ----         ----                                                                                                                                                                                                                 *
*    LINKONCE                                      ----                 ----         ----                                                                                                                                                                                                                 *
*    VTBL                                          ----                 ----         ----                                                                                                                                                                                                                 *
*    NB_MERGE                                      ----                 ----         ----                                                                                                                                                                                                                 *
*    unSP_StartUp(TEXT)                            ----                 ----         1D                                                                                                                                                                                                                   *
* "F:\myproject\lingyang\123\Debug\Resource.obj"                                                                                                                                                                                                                                                          *
*    DEBUG                                         ----                 ----         ----                                                                                                                                                                                                                 *
*    CODE                                          ----                 ----         ----                                                                                                                                                                                                                 *
*    DATA                                          ----                 ----         ----                                                                                                                                                                                                                 *
*    TEXT                                          ----                 ----         5                                                                                                                                                                                                                    *
*    IRAM                                          ----                 ----         ----                                                                                                                                                                                                                 *
*    ISRAM                                         ----                 ----         ----                                                                                                                                                                                                                 *
*    RAM                                           ----                 ----         ----                                                                                                                                                                                                                 *
*    SRAM                                          ----                 ----         ----                                                                                                                                                                                                                 *
*    ORAM                                          ----                 ----         ----                                                                                                                                                                                                                 *
*    OSRAM                                         ----                 ----         ----                                                                                                                                                                                                                 *
*    NB_DATA                                       ----                 ----         ----                                                                                                                                                                                                                 *
*    CTOR                                          ----                 ----         ----                                                                                                                                                                                                                 *
*    DTOR                                          ----                 ----         ----                                                                                                                                                                                                                 *
*    IM                                            ----                 ----         ----                                                                                                                                                                                                                 *
*    LINKONCE                                      ----                 ----         ----                                                                                                                                                                                                                 *
*    VTBL                                          ----                 ----         ----                                                                                                                                                                                                                 *
*    NB_MERGE                                      ----                 ----         ----                                                                                                                                                                                                                 *
* "F:\myproject\lingyang\123\Debug\123.obj"                                                                                                                                                                                                                                                               *
*    DEBUG                                         ----                 ----         ----                                                                                                                                                                                                                 *
*    CODE                                          ----                 ----         3E                                                                                                                                                                                                                   *
*    DATA                                          ----                 ----         ----                                                                                                                                                                                                                 *
*    TEXT                                          ----                 ----         ----                                                                                                                                                                                                                 *
*    IRAM                                          ----                 ----         ----                                                                                                                                                                                                                 *
*    ISRAM                                         ----                 ----         ----                                                                                                                                                                                                                 *
*    RAM                                           ----                 ----         ----                                                                                                                                                                                                                 *
*    SRAM                                          ----                 ----         ----                                                                                                                                                                                                                 *
*    ORAM                                          ----                 ----         ----                                                                                                                                                                                                                 *
*    OSRAM                                         ----                 ----         ----                                                                                                                                                                                                                 *
*    NB_DATA                                       ----                 ----         ----                                                                                                                                                                                                                 *
*    CTOR                                          ----                 ----         ----                                                                                                                                                                                                                 *
*    DTOR                                          ----                 ----         ----                                                                                                                                                                                                                 *
*    IM                                            ----                 ----         ----                                                                                                                                                                                                                 *
*    LINKONCE                                      ----                 ----         ----                                                                                                                                                                                                                 *
*    VTBL                                          ----                 ----         ----                                                                                                                                                                                                                 *
*    NB_MERGE                                      ----                 ----         ----                                                                                                                                                                                                                 *
* "F:\myproject\lingyang\123\Debug\hardware.obj"                                                                                                                                                                                                                                                          *
*    DEBUG                                         ----                 ----         ----                                                                                                                                                                                                                 *
*    CODE                                          ----                 ----         1DD                                                                                                                                                                                                                  *
*    DATA                                          ----                 ----         ----                                                                                                                                                                                                                 *
*    TEXT                                          ----                 ----         ----                                                                                                                                                                                                                 *
*    IRAM                                          ----                 ----         93                                                                                                                                                                                                                   *
*    ISRAM                                         ----                 ----         ----                                                                                                                                                                                                                 *
*    RAM                                           ----                 ----         ----                                                                                                                                                                                                                 *
*    SRAM                                          ----                 ----         ----                                                                                                                                                                                                                 *
*    ORAM                                          ----                 ----         ----                                                                                                                                                                                                                 *
*    OSRAM                                         ----                 ----         ----                                                                                                                                                                                                                 *
*    NB_DATA                                       ----                 ----         ----                                                                                                                                                                                                                 *
*    CTOR                                          ----                 ----         ----                                                                                                                                                                                                                 *
*    DTOR                                          ----                 ----         ----                                                                                                                                                                                                                 *
*    IM                                            ----                 ----         ----                                                                                                                                                                                                                 *
*    LINKONCE                                      ----                 ----         ----                                                                                                                                                                                                                 *
*    VTBL                                          ----                 ----         ----                                                                                                                                                                                                                 *
*    NB_MERGE                                      ----                 ----         ----                                                                                                                                                                                                                 *
* "F:\myproject\lingyang\123\Debug\isr.obj"                                                                                                                                                                                                                                                               *
*    DEBUG                                         ----                 ----         ----                                                                                                                                                                                                                 *
*    CODE                                          ----                 ----         ----                                                                                                                                                                                                                 *
*    DATA                                          ----                 ----         ----                                                                                                                                                                                                                 *
*    TEXT                                          ----                 ----         1B                                                                                                                                                                                                                   *
*    IRAM                                          ----                 ----         ----                                                                                                                                                                                                                 *
*    ISRAM                                         ----                 ----         ----                                                                                                                                                                                                                 *
*    RAM                                           ----                 ----         ----                                                                                                                                                                                                                 *
*    SRAM                                          ----                 ----         ----                                                                                                                                                                                                                 *
*    ORAM                                          ----                 ----         ----                                                                                                                                                                                                                 *
*    OSRAM                                         ----                 ----         ----                                                                                                                                                                                                                 *
*    NB_DATA                                       ----                 ----         ----                                                                                                                                                                                                                 *
*    CTOR                                          ----                 ----         ----                                                                                                                                                                                                                 *
*    DTOR                                          ----                 ----         ----                                                                                                                                                                                                                 *
*    IM                                            ----                 ----         ----                                                                                                                                                                                                                 *
*    LINKONCE                                      ----                 ----         ----                                                                                                                                                                                                                 *
*    VTBL                                          ----                 ----         ----                                                                                                                                                                                                                 *
*    NB_MERGE                                      ----                 ----         ----                                                                                                                                                                                                                 *
* "F:\myproject\lingyang\123\Debug\s1_24k.res"                                                                                                                                                                                                                                                            *
*    __sn_section_RES_S1_24K(DATA)                 ----                 ----         2122B                                                                                                                                                                                                                *
* "D:\WORKING\UNSP\LIBMAK~1\RELEASE\A2000"                                                                                                                                                                                                                                                                *
*    DEBUG                                         ----                 ----         ----                                                                                                                                                                                                                 *
*    CODE                                          ----                 ----         CA5                                                                                                                                                                                                                  *
*    DATA                                          ----                 ----         ----                                                                                                                                                                                                                 *
*    TEXT                                          ----                 ----         ----                                                                                                                                                                                                                 *
*    IRAM                                          ----                 ----         3                                                                                                                                                                                                                    *
*    ISRAM                                         ----                 ----         ----                                                                                                                                                                                                                 *
*    RAM                                           ----                 ----         ----                                                                                                                                                                                                                 *
*    SRAM                                          ----                 ----         ----                                                                                                                                                                                                                 *
*    ORAM                                          ----                 ----         ----                                                                                                                                                                                                                 *
*    OSRAM                                         ----                 ----         ----                                                                                                                                                                                                                 *
*    NB_DATA                                       ----                 ----         ----                                                                                                                                                                                                                 *
*    OVERLAP_SRAM_BLOCK(ORAM)                      ----                 ----         3B                                                                                                                                                                                                                   *
*    OVERLAP_RAM_BLOCK(ORAM)                       ----                 ----         2B9                                                                                                                                                                                                                  *
* "Init Table"                                     8000                 8008         9                                                                                                                                                                                                                    *
***********************************************************************************************************************************************************************************************************************************************************************************************************

***********************************************************************************************************************************************************************************************************************************************************************************************************
*                             M E M O R Y     S U M M A R Y                                                                                                                                                                                                                                               *
***********************************************************************************************************************************************************************************************************************************************************************************************************
*     Type                          Total               Using        Remain                                                                                                                                                                                                                               *
***********************************************************************************************************************************************************************************************************************************************************************************************************
* "SRam/OSRam/ISRam"                40                   0            40                                                                                                                                                                                                                                  *
* "Ram"                             800                  0            800                                                                                                                                                                                                                                 *
* "First Bank Rom"                  7C00                 F9C          6C64                                                                                                                                                                                                                                *
* "Other Banks Rom"                 0                    0            0                                                                                                                                                                                                                                   *
***********************************************************************************************************************************************************************************************************************************************************************************************************

Linker Output Filename : F:\myproject\lingyang\123\Debug\123.S37
Disk  Mapping Filename : F:\myproject\lingyang\123\Debug\123.map
Symbol  Table FileName : F:\myproject\lingyang\123\Debug\123.sym
Format :                 Microtek

Linker Errors :          1
Output Format :          S37
