Saturday, August 30, 13:07:20, 2008

                    Sunplus u'nSP Linker version 1.14.3 (enc)
                    -------------------------------------------

Global Symbol Name                             Global Value     Global Filename
***********************************************************************************************************************************************************************************************************************************************************************************************************
_RESET                                             8009         "D:\Program Files\Sunplus\unSP IDE 2.0.0\startupD.obj"
__sn_loop                                          8025         "D:\Program Files\Sunplus\unSP IDE 2.0.0\startupD.obj"
__sn_loop2                                         8024         "D:\Program Files\Sunplus\unSP IDE 2.0.0\startupD.obj"
__sn_init_table                                    8000         "Linker internal symbol"
__sn_sp_val                                        7FF          "Linker internal symbol"
_RES_Table                                         0            "F:\abc\car\Debug\Resource.obj"
_main                                              8026         "F:\abc\car\Debug\car.obj"
***********************************************************************************************************************************************************************************************************************************************************************************************************

***********************************************************************************************************************************************************************************************************************************************************************************************************
*                             S E C T I O N     S U M M A R Y                                                                                                                                                                                                                                             *
***********************************************************************************************************************************************************************************************************************************************************************************************************
*     Section Name                             Startting Address   Ending Address    Size                                                                                                                                                                                                                 *
***********************************************************************************************************************************************************************************************************************************************************************************************************
* "D:\Program Files\Sunplus\unSP IDE 2.0.0\startupD.obj"                                                                                                                                                                                                                                                  *
*    DEBUG                                         ----                 ----         ----                                                                                                                                                                                                                 *
*    CODE                                          ----                 ----         ----                                                                                                                                                                                                                 *
*    DATA                                          ----                 ----         ----                                                                                                                                                                                                                 *
*    TEXT                                          ----                 ----         ----                                                                                                                                                                                                                 *
*    IRAM                                          ----                 ----         ----                                                                                                                                                                                                                 *
*    ISRAM                                         ----                 ----         ----                                                                                                                                                                                                                 *
*    RAM                                           ----                 ----         ----                                                                                                                                                                                                                 *
*    SRAM                                          ----                 ----         ----                                                                                                                                                                                                                 *
*    ORAM                                          ----                 ----         ----                                                                                                                                                                                                                 *
*    OSRAM                                         ----                 ----         ----                                                                                                                                                                                                                 *
*    NB_DATA                                       ----                 ----         ----                                                                                                                                                                                                                 *
*    CTOR                                          ----                 ----         ----                                                                                                                                                                                                                 *
*    DTOR                                          ----                 ----         ----                                                                                                                                                                                                                 *
*    IM                                            ----                 ----         ----                                                                                                                                                                                                                 *
*    LINKONCE                                      ----                 ----         ----                                                                                                                                                                                                                 *
*    VTBL                                          ----                 ----         ----                                                                                                                                                                                                                 *
*    NB_MERGE                                      ----                 ----         ----                                                                                                                                                                                                                 *
*    unSP_StartUp(TEXT)                            8009                 8025         1D                                                                                                                                                                                                                   *
* "F:\abc\car\Debug\Resource.obj"                                                                                                                                                                                                                                                                         *
*    DEBUG                                         ----                 ----         ----                                                                                                                                                                                                                 *
*    CODE                                          ----                 ----         ----                                                                                                                                                                                                                 *
*    DATA                                          ----                 ----         ----                                                                                                                                                                                                                 *
*    TEXT                                          ----                 ----         ----                                                                                                                                                                                                                 *
*    IRAM                                          ----                 ----         ----                                                                                                                                                                                                                 *
*    ISRAM                                         ----                 ----         ----                                                                                                                                                                                                                 *
*    RAM                                           ----                 ----         ----                                                                                                                                                                                                                 *
*    SRAM                                          ----                 ----         ----                                                                                                                                                                                                                 *
*    ORAM                                          ----                 ----         ----                                                                                                                                                                                                                 *
*    OSRAM                                         ----                 ----         ----                                                                                                                                                                                                                 *
*    NB_DATA                                       ----                 ----         ----                                                                                                                                                                                                                 *
*    CTOR                                          ----                 ----         ----                                                                                                                                                                                                                 *
*    DTOR                                          ----                 ----         ----                                                                                                                                                                                                                 *
*    IM                                            ----                 ----         ----                                                                                                                                                                                                                 *
*    LINKONCE                                      ----                 ----         ----                                                                                                                                                                                                                 *
*    VTBL                                          ----                 ----         ----                                                                                                                                                                                                                 *
*    NB_MERGE                                      ----                 ----         ----                                                                                                                                                                                                                 *
* "F:\abc\car\Debug\car.obj"                                                                                                                                                                                                                                                                              *
*    DEBUG                                         ----                 ----         ----                                                                                                                                                                                                                 *
*    CODE                                          8026                 8069         44                                                                                                                                                                                                                   *
*    DATA                                          ----                 ----         ----                                                                                                                                                                                                                 *
*    TEXT                                          ----                 ----         ----                                                                                                                                                                                                                 *
*    IRAM                                          ----                 ----         ----                                                                                                                                                                                                                 *
*    ISRAM                                         ----                 ----         ----                                                                                                                                                                                                                 *
*    RAM                                           ----                 ----         ----                                                                                                                                                                                                                 *
*    SRAM                                          ----                 ----         ----                                                                                                                                                                                                                 *
*    ORAM                                          ----                 ----         ----                                                                                                                                                                                                                 *
*    OSRAM                                         ----                 ----         ----                                                                                                                                                                                                                 *
*    NB_DATA                                       ----                 ----         ----                                                                                                                                                                                                                 *
*    CTOR                                          ----                 ----         ----                                                                                                                                                                                                                 *
*    DTOR                                          ----                 ----         ----                                                                                                                                                                                                                 *
*    IM                                            ----                 ----         ----                                                                                                                                                                                                                 *
*    LINKONCE                                      ----                 ----         ----                                                                                                                                                                                                                 *
*    VTBL                                          ----                 ----         ----                                                                                                                                                                                                                 *
*    NB_MERGE                                      ----                 ----         ----                                                                                                                                                                                                                 *
* "Init Table"                                     8000                 8008         9                                                                                                                                                                                                                    *
***********************************************************************************************************************************************************************************************************************************************************************************************************

***********************************************************************************************************************************************************************************************************************************************************************************************************
*                             M E M O R Y     S U M M A R Y                                                                                                                                                                                                                                               *
***********************************************************************************************************************************************************************************************************************************************************************************************************
*     Type                          Total               Using        Remain                                                                                                                                                                                                                               *
***********************************************************************************************************************************************************************************************************************************************************************************************************
* "SRam/OSRam/ISRam"                40                   0            40                                                                                                                                                                                                                                  *
* "Ram"                             800                  1            7FF                                                                                                                                                                                                                                 *
* "First Bank Rom"                  7C00                 6A           7B96                                                                                                                                                                                                                                *
* "Other Banks Rom"                 0                    0            0                                                                                                                                                                                                                                   *
***********************************************************************************************************************************************************************************************************************************************************************************************************

Linker Output Filename : F:\abc\car\Debug\car.S37
Disk  Mapping Filename : F:\abc\car\Debug\car.map
Symbol  Table FileName : F:\abc\car\Debug\car.sym
Format :                 Microtek

Linker Errors :          0
Output Format :          S37
